// Jest Snapshot v1, https://goo.gl/fbAQLP

exports[`class HelloWorld extends _react.Component {
  constructor(props) {
    super(props);
    this.frenchify = this.frenchify.bind(this);
    this.resetGreeting = this.resetGreeting.bind(this);
    this.removeGreeting = this.removeGreeting.bind(this);
    this.state = {
      greeting: "Hello " };


  }

  frenchify() {
    this.setState({
      greeting: "Bonjour " });

  }

  resetGreeting() {
    this.setState({
      greeting: "Hello " });

  }

  removeGreeting() {
    this.props.removeGreeting(this.props.name);
  }

  render() {
    return (
      _react2.default.createElement("div", { className: "HelloWorld", __source: { fileName: _jsxFileName, lineNumber: 33 }, __self: this },
        _react2.default.createElement("h1", { __source: { fileName: _jsxFileName, lineNumber: 34 }, __self: this }, this.state.greeting, " ", this.props.name, "!"),
        _react2.default.createElement("br", { __source: { fileName: _jsxFileName, lineNumber: 35 }, __self: this }),
        _react2.default.createElement("button", { className: "FrenchifyButton", onClick: this.frenchify, __source: { fileName: _jsxFileName, lineNumber: 36 }, __self: this }, "Frenchify!"),
        _react2.default.createElement("button", { className: "ResetButton", onClick: this.resetGreeting, __source: { fileName: _jsxFileName, lineNumber: 37 }, __self: this }, "Reset"),
        _react2.default.createElement("button", { className: "RemoveButton", onClick: this.removeGreeting, __source: { fileName: _jsxFileName, lineNumber: 38 }, __self: this }, "Remove Me")));


  }} renders and matches out snapshot 1`] = `
<div
  className="HelloWorldList"
>
  <div
    className="AddGreeter"
  >
    <p
      className="Title"
    >
      Enter your name:
    </p>
    <input
      className="Input"
      onChange={[Function]}
      type="text"
      value=""
    />
      
    <button
      className="AddButton"
      onClick={[Function]}
    >
      Add
    </button>
  </div>
</div>
`;
